{
    "Should run without failures - skip crosscheck fingerprints": {
        "content": [
            {
                
            },
            [
                "pipeline_info",
                "pipeline_info/nf_cmgg_sampletracking_software_mqc_versions.yml"
            ],
            [
                
            ]
        ],
        "timestamp": "2026-10-08T13:49:07.228822",
        "meta": {
            "nf-test": "0.9.5",
            "nextflow": "26.04.6"
        }
    },
    "Should run without failures": {
        "content": [
            {
                
            },
            [
                "pipeline_info",
                "pipeline_info/nf_cmgg_sampletracking_software_mqc_versions.yml"
            ],
            [
                
            ]
        ],
        "timestamp": "2026-10-08T13:48:50.393842",
        "meta": {
            "nf-test": "0.9.5",
            "nextflow": "26.04.6"
        }
    }
}