{
    "Should run without failures - skip crosscheck fingerprints": {
        "content": [
            {
                "0": [
                    "multiqc_report.html:md5,d41d8cd98f00b204e9800998ecf8427e"
                ],
                "1": [
                    "pool1_multiqc_report.html:md5,d41d8cd98f00b204e9800998ecf8427e"
                ],
                "2": [
                    
                ],
                "3": [
                    [
                        {
                            "id": "sample1",
                            "pool": "pool1",
                            "pool_count": 2
                        },
                        "sample1.xy_xy.tsv:md5,d41d8cd98f00b204e9800998ecf8427e",
                        "sample1.xy_sry.tsv:md5,d41d8cd98f00b204e9800998ecf8427e",
                        "sample1.xy_hetx.tsv:md5,d41d8cd98f00b204e9800998ecf8427e"
                    ],
                    [
                        {
                            "id": "sample2",
                            "pool": "pool1",
                            "pool_count": 2
                        },
                        "sample2.xy_xy.tsv:md5,d41d8cd98f00b204e9800998ecf8427e",
                        "sample2.xy_sry.tsv:md5,d41d8cd98f00b204e9800998ecf8427e",
                        "sample2.xy_hetx.tsv:md5,d41d8cd98f00b204e9800998ecf8427e"
                    ]
                ],
                "crosscheck_metrics": [
                    
                ],
                "multiqc_pools": [
                    "pool1_multiqc_report.html:md5,d41d8cd98f00b204e9800998ecf8427e"
                ],
                "multiqc_report": [
                    "multiqc_report.html:md5,d41d8cd98f00b204e9800998ecf8427e"
                ],
                "sex_prediction": [
                    [
                        {
                            "id": "sample1",
                            "pool": "pool1",
                            "pool_count": 2
                        },
                        "sample1.xy_xy.tsv:md5,d41d8cd98f00b204e9800998ecf8427e",
                        "sample1.xy_sry.tsv:md5,d41d8cd98f00b204e9800998ecf8427e",
                        "sample1.xy_hetx.tsv:md5,d41d8cd98f00b204e9800998ecf8427e"
                    ],
                    [
                        {
                            "id": "sample2",
                            "pool": "pool1",
                            "pool_count": 2
                        },
                        "sample2.xy_xy.tsv:md5,d41d8cd98f00b204e9800998ecf8427e",
                        "sample2.xy_sry.tsv:md5,d41d8cd98f00b204e9800998ecf8427e",
                        "sample2.xy_hetx.tsv:md5,d41d8cd98f00b204e9800998ecf8427e"
                    ]
                ]
            }
        ],
        "timestamp": "2026-02-23T15:14:58.180905986",
        "meta": {
            "nf-test": "0.9.4",
            "nextflow": "25.10.4"
        }
    },
    "Should run without failures": {
        "content": [
            {
                "0": [
                    "multiqc_report.html:md5,d41d8cd98f00b204e9800998ecf8427e"
                ],
                "1": [
                    "pool1_multiqc_report.html:md5,d41d8cd98f00b204e9800998ecf8427e"
                ],
                "2": [
                    [
                        {
                            "groupSize": 2,
                            "groupTarget": {
                                "id": "pool1"
                            }
                        },
                        "pool1.crosscheck_metrics.txt:md5,d41d8cd98f00b204e9800998ecf8427e"
                    ]
                ],
                "3": [
                    [
                        {
                            "id": "sample1",
                            "pool": "pool1",
                            "pool_count": 2
                        },
                        "sample1.xy_xy.tsv:md5,d41d8cd98f00b204e9800998ecf8427e",
                        "sample1.xy_sry.tsv:md5,d41d8cd98f00b204e9800998ecf8427e",
                        "sample1.xy_hetx.tsv:md5,d41d8cd98f00b204e9800998ecf8427e"
                    ],
                    [
                        {
                            "id": "sample2",
                            "pool": "pool1",
                            "pool_count": 2
                        },
                        "sample2.xy_xy.tsv:md5,d41d8cd98f00b204e9800998ecf8427e",
                        "sample2.xy_sry.tsv:md5,d41d8cd98f00b204e9800998ecf8427e",
                        "sample2.xy_hetx.tsv:md5,d41d8cd98f00b204e9800998ecf8427e"
                    ]
                ],
                "crosscheck_metrics": [
                    [
                        {
                            "groupSize": 2,
                            "groupTarget": {
                                "id": "pool1"
                            }
                        },
                        "pool1.crosscheck_metrics.txt:md5,d41d8cd98f00b204e9800998ecf8427e"
                    ]
                ],
                "multiqc_pools": [
                    "pool1_multiqc_report.html:md5,d41d8cd98f00b204e9800998ecf8427e"
                ],
                "multiqc_report": [
                    "multiqc_report.html:md5,d41d8cd98f00b204e9800998ecf8427e"
                ],
                "sex_prediction": [
                    [
                        {
                            "id": "sample1",
                            "pool": "pool1",
                            "pool_count": 2
                        },
                        "sample1.xy_xy.tsv:md5,d41d8cd98f00b204e9800998ecf8427e",
                        "sample1.xy_sry.tsv:md5,d41d8cd98f00b204e9800998ecf8427e",
                        "sample1.xy_hetx.tsv:md5,d41d8cd98f00b204e9800998ecf8427e"
                    ],
                    [
                        {
                            "id": "sample2",
                            "pool": "pool1",
                            "pool_count": 2
                        },
                        "sample2.xy_xy.tsv:md5,d41d8cd98f00b204e9800998ecf8427e",
                        "sample2.xy_sry.tsv:md5,d41d8cd98f00b204e9800998ecf8427e",
                        "sample2.xy_hetx.tsv:md5,d41d8cd98f00b204e9800998ecf8427e"
                    ]
                ]
            }
        ],
        "timestamp": "2026-02-23T15:14:39.356411664",
        "meta": {
            "nf-test": "0.9.4",
            "nextflow": "25.10.4"
        }
    }
}