{
    "Should run without failures": {
        "content": [
            "pool1_multiqc_report.html",
            "pool1.crosscheck_metrics.txt",
            [
                "versions.yml:md5,0e5cf92b1d741f4f366aaf67f2740640",
                "versions.yml:md5,3138a3ee6f45d1d551dc6cecd3d4b0c5"
            ]
        ],
        "meta": {
            "nf-test": "0.8.4",
            "nextflow": "23.10.1"
        },
        "timestamp": "2024-03-25T08:37:51.702499"
    }
}